........................................................................ [ 63%]
..........................................                               [100%]
114 passed in 36.35s
